1485826273.2	launch
1485826506.8	seeded	len=254	text="alpha bravo charlie. delta  echo foxtrot-golf hotel india juliet kilo lima mike november oscar papa quebec romeo sierra tango uniform victor whiskey xray yankee zulu one two three four five six seven eight nine ten eleven twelve ZZZZZZZZZZZZZZZZZZZZZZZZZ"
1485826772.4	firstResponder	value=true
1485843947.0	shouldChange	loc=253	len=1	repl=""
1485844014.8	didChange	len=253	tail="lve ZZZZZZZZZZZZZZZZZZZZZZZZ"
1485844447.2	shouldChange	loc=252	len=1	repl=""
1485844448.8	didChange	len=252	tail="elve ZZZZZZZZZZZZZZZZZZZZZZZ"
1485844562.9	shouldChange	loc=251	len=1	repl=""
1485844564.5	didChange	len=251	tail="welve ZZZZZZZZZZZZZZZZZZZZZZ"
1485844663.0	shouldChange	loc=250	len=1	repl=""
1485844664.3	didChange	len=250	tail="twelve ZZZZZZZZZZZZZZZZZZZZZ"
1485844763.2	shouldChange	loc=249	len=1	repl=""
1485844764.7	didChange	len=249	tail=" twelve ZZZZZZZZZZZZZZZZZZZZ"
1485844863.2	shouldChange	loc=248	len=1	repl=""
1485844864.5	didChange	len=248	tail="n twelve ZZZZZZZZZZZZZZZZZZZ"
1485844963.0	shouldChange	loc=247	len=1	repl=""
1485844964.9	didChange	len=247	tail="en twelve ZZZZZZZZZZZZZZZZZZ"
1485845062.7	shouldChange	loc=246	len=1	repl=""
1485845064.4	didChange	len=246	tail="ven twelve ZZZZZZZZZZZZZZZZZ"
1485845163.2	shouldChange	loc=245	len=1	repl=""
1485845165.5	didChange	len=245	tail="even twelve ZZZZZZZZZZZZZZZZ"
1485845263.6	shouldChange	loc=244	len=1	repl=""
1485845267.6	didChange	len=244	tail="leven twelve ZZZZZZZZZZZZZZZ"
1485845363.4	shouldChange	loc=243	len=1	repl=""
1485845367.9	didChange	len=243	tail="eleven twelve ZZZZZZZZZZZZZZ"
1485845463.1	shouldChange	loc=242	len=1	repl=""
1485845467.3	didChange	len=242	tail=" eleven twelve ZZZZZZZZZZZZZ"
1485845563.4	shouldChange	loc=241	len=1	repl=""
1485845567.7	didChange	len=241	tail="n eleven twelve ZZZZZZZZZZZZ"
1485845663.9	shouldChange	loc=240	len=1	repl=""
1485845669.0	didChange	len=240	tail="en eleven twelve ZZZZZZZZZZZ"
1485845763.0	shouldChange	loc=239	len=1	repl=""
1485845767.1	didChange	len=239	tail="ten eleven twelve ZZZZZZZZZZ"
1485845863.4	shouldChange	loc=238	len=1	repl=""
1485845868.6	didChange	len=238	tail=" ten eleven twelve ZZZZZZZZZ"
1485845963.7	shouldChange	loc=237	len=1	repl=""
1485845967.1	didChange	len=237	tail="e ten eleven twelve ZZZZZZZZ"
1485846063.5	shouldChange	loc=236	len=1	repl=""
1485846067.6	didChange	len=236	tail="ne ten eleven twelve ZZZZZZZ"
1485846162.9	shouldChange	loc=235	len=1	repl=""
1485846164.4	didChange	len=235	tail="ine ten eleven twelve ZZZZZZ"
1485846262.3	shouldChange	loc=234	len=1	repl=""
1485846263.8	didChange	len=234	tail="nine ten eleven twelve ZZZZZ"
1485846363.3	shouldChange	loc=233	len=1	repl=""
1485846364.8	didChange	len=233	tail=" nine ten eleven twelve ZZZZ"
1485846463.7	shouldChange	loc=222	len=11	repl=""
1485846465.9	didChange	len=229	tail="ight nine ten eleven twelve "
1485846468.4	didChange	len=222	tail="seven eight nine ten eleven "
1485846822.3	shouldChange	loc=211	len=11	repl=""
1485846825.8	didChange	len=215	tail="ve six seven eight nine ten "
1485846831.4	didChange	len=211	tail="r five six seven eight nine "
1485847172.9	shouldChange	loc=200	len=11	repl=""
1485847176.6	didChange	len=206	tail="e four five six seven eight "
1485847182.5	didChange	len=200	tail="o three four five six seven "
1485847521.8	shouldChange	loc=190	len=10	repl=""
1485847525.7	didChange	len=194	tail="one two three four five six "
1485847530.2	didChange	len=190	tail="ulu one two three four five "
1485847872.2	shouldChange	loc=180	len=10	repl=""
1485847876.7	didChange	len=185	tail="kee zulu one two three four "
1485847882.0	didChange	len=180	tail="y yankee zulu one two three "
1485848222.0	shouldChange	loc=170	len=10	repl=""
1485848226.6	didChange	len=174	tail="ey xray yankee zulu one two "
1485848231.8	didChange	len=170	tail="hiskey xray yankee zulu one "
1485848572.0	shouldChange	loc=161	len=9	repl=""
1485848575.9	didChange	len=166	tail="or whiskey xray yankee zulu "
1485848581.3	didChange	len=161	tail=" victor whiskey xray yankee "
1485848921.5	shouldChange	loc=149	len=12	repl=""
1485848925.2	didChange	len=154	tail="uniform victor whiskey xray "
1485848931.2	didChange	len=149	tail="ango uniform victor whiskey "
1485849276.3	shouldChange	loc=134	len=15	repl=""
1485849280.0	didChange	len=141	tail="sierra tango uniform victor "
1485849283.7	didChange	len=134	tail=" romeo sierra tango uniform "
1485849622.0	shouldChange	loc=120	len=14	repl=""
1485849625.4	didChange	len=126	tail="a quebec romeo sierra tango "
1485849631.6	didChange	len=120	tail="ar papa quebec romeo sierra "
1485849970.9	shouldChange	loc=107	len=13	repl=""
1485849972.3	didChange	len=113	tail="ber oscar papa quebec romeo "
1485849974.3	didChange	len=107	tail=" november oscar papa quebec "
1485850321.2	shouldChange	loc=95	len=12	repl=""
1485850322.8	didChange	len=100	tail="ma mike november oscar papa "
1485850326.9	didChange	len=95	tail="lo lima mike november oscar "
1485850672.0	shouldChange	loc=80	len=15	repl=""
1485850682.2	didChange	len=89	tail="iet kilo lima mike november "
1485850687.0	didChange	len=80	tail="india juliet kilo lima mike "
1485851021.4	shouldChange	loc=70	len=10	repl=""
1485851031.4	didChange	len=75	tail="otel india juliet kilo lima "
1485851035.7	didChange	len=70	tail="olf hotel india juliet kilo "
1485851371.1	shouldChange	loc=58	len=12	repl=""
1485851374.9	didChange	len=65	tail="rot-golf hotel india juliet "
1485851378.2	didChange	len=58	tail="ho foxtrot-golf hotel india "
1485851720.5	shouldChange	loc=46	len=12	repl=""
1485851724.0	didChange	len=52	tail="ta  echo foxtrot-golf hotel "
1485851727.2	didChange	len=46	tail="e. delta  echo foxtrot-golf "
1485852071.8	shouldChange	loc=33	len=13	repl=""
1485852080.1	didChange	len=41	tail="harlie. delta  echo foxtrot-"
1485852085.7	didChange	len=33	tail=" bravo charlie. delta  echo "
1485852421.6	shouldChange	loc=21	len=12	repl=""
1485852428.9	didChange	len=28	tail="alpha bravo charlie. delta  "
1485852433.4	didChange	len=21	tail="alpha bravo charlie. "
1485852772.0	shouldChange	loc=6	len=15	repl=""
1485852777.9	didChange	len=12	tail="alpha bravo "
1485852782.7	didChange	len=6	tail="alpha "
1485853122.4	shouldChange	loc=0	len=6	repl=""
1485853126.5	didChange	len=0	tail=""
